// Jest Snapshot v1, https://goo.gl/fbAQLP

exports[`Posts Component 1`] = `
<div
  class="MuiGrid-root MuiGrid-container MuiGrid-align-items-xs-center MuiGrid-justify-xs-center"
>
  <div
    class="MuiGrid-root MuiGrid-item MuiGrid-grid-lg-true"
  >
    <div
      class="MuiPaper-root MuiPaper-elevation1 MuiCard-root makeStyles-card-1 MuiPaper-rounded"
    >
      <button
        class="MuiButtonBase-root MuiCardActionArea-root"
        tabindex="0"
        type="button"
      >
        <div
          class="MuiCardMedia-root makeStyles-media-2"
          style="background-image: url(https://picsum.photos/250/375?image=0);"
          title="John Doe"
        />
        <div
          class="MuiCardContent-root"
        >
          <h2
            class="MuiTypography-root MuiTypography-h5 MuiTypography-gutterBottom"
          >
            John Doe
          </h2>
          <p
            class="MuiTypography-root MuiTypography-body2 MuiTypography-colorTextSecondary"
          >
            @johndoe
          </p>
        </div>
        <span
          class="MuiCardActionArea-focusHighlight"
        />
        <span
          class="MuiTouchRipple-root"
        />
      </button>
      <div
        class="MuiCardActions-root MuiCardActions-spacing"
      >
        <button
          class="MuiButtonBase-root MuiButton-root MuiButton-text MuiButton-textPrimary MuiButton-sizeSmall"
          tabindex="0"
          type="button"
        >
          <span
            class="MuiButton-label"
          >
            <a
              class="makeStyles-hrefLinksNoStyle-3"
              href="https://unsplash.com/@johndoe"
              rel="noopener noreferrer"
              target="_blank"
            >
              See My Work
            </a>
          </span>
          <span
            class="MuiTouchRipple-root"
          />
        </button>
        <button
          class="MuiButtonBase-root MuiButton-root MuiButton-text MuiButton-textPrimary MuiButton-sizeSmall"
          tabindex="0"
          type="button"
        >
          <span
            class="MuiButton-label"
          >
            <a
              class="makeStyles-hrefLinksNoStyle-3"
              href="https://unsplash.com/photos/yC-Yzbqy7PY"
              rel="noopener noreferrer"
              target="_blank"
            >
              Image Source
            </a>
          </span>
          <span
            class="MuiTouchRipple-root"
          />
        </button>
      </div>
    </div>
  </div>
  <div
    class="MuiGrid-root MuiGrid-item MuiGrid-grid-lg-true"
  >
    <div
      class="MuiPaper-root MuiPaper-elevation1 MuiCard-root makeStyles-card-1 MuiPaper-rounded"
    >
      <button
        class="MuiButtonBase-root MuiCardActionArea-root"
        tabindex="0"
        type="button"
      >
        <div
          class="MuiCardMedia-root makeStyles-media-2"
          style="background-image: url(https://picsum.photos/250/375?image=1);"
          title="Jane Doe"
        />
        <div
          class="MuiCardContent-root"
        >
          <h2
            class="MuiTypography-root MuiTypography-h5 MuiTypography-gutterBottom"
          >
            Jane Doe
          </h2>
          <p
            class="MuiTypography-root MuiTypography-body2 MuiTypography-colorTextSecondary"
          >
            @janedoe
          </p>
        </div>
        <span
          class="MuiCardActionArea-focusHighlight"
        />
        <span
          class="MuiTouchRipple-root"
        />
      </button>
      <div
        class="MuiCardActions-root MuiCardActions-spacing"
      >
        <button
          class="MuiButtonBase-root MuiButton-root MuiButton-text MuiButton-textPrimary MuiButton-sizeSmall"
          tabindex="0"
          type="button"
        >
          <span
            class="MuiButton-label"
          >
            <a
              class="makeStyles-hrefLinksNoStyle-3"
              href="https://unsplash.com/@janedoe"
              rel="noopener noreferrer"
              target="_blank"
            >
              See My Work
            </a>
          </span>
          <span
            class="MuiTouchRipple-root"
          />
        </button>
        <button
          class="MuiButtonBase-root MuiButton-root MuiButton-text MuiButton-textPrimary MuiButton-sizeSmall"
          tabindex="0"
          type="button"
        >
          <span
            class="MuiButton-label"
          >
            <a
              class="makeStyles-hrefLinksNoStyle-3"
              href="https://unsplash.com/photos/pwaaqfoMibI"
              rel="noopener noreferrer"
              target="_blank"
            >
              Image Source
            </a>
          </span>
          <span
            class="MuiTouchRipple-root"
          />
        </button>
      </div>
    </div>
  </div>
</div>
`;
